----------------------------------
ğŸ“… Report Generated On: Fri Nov 14 10:43:49 UTC 2025
----------------------------------

ğŸ–¥ï¸ CPU Usage:
%Cpu(s):  4.8 us,  4.8 sy,  0.0 ni, 90.5 id,  0.0 wa,  0.0 hi,  0.0 si,  0.0 st 

ğŸ§  Memory Usage:
               total        used        free      shared  buff/cache   available
Mem:           7.8Gi       1.7Gi       226Mi        59Mi       6.2Gi       6.1Gi
Swap:             0B          0B          0B

ğŸ’½ Disk Usage:
Filesystem      Size  Used Avail Use% Mounted on
overlay          32G   11G   20G  36% /
tmpfs            64M     0   64M   0% /dev
shm              64M     0   64M   0% /dev/shm
/dev/root        29G   21G  8.0G  73% /vscode
/dev/sda1        44G  2.1G   40G   5% /tmp
/dev/loop4       32G   11G   20G  36% /workspaces

ğŸŒ Network Info:
1: lo: <LOOPBACK,UP,LOWER_UP> mtu 65536 qdisc noqueue state UNKNOWN group default qlen 1000
    link/loopback 00:00:00:00:00:00 brd 00:00:00:00:00:00
    inet 127.0.0.1/8 scope host lo
       valid_lft forever preferred_lft forever
    inet6 ::1/128 scope host 
       valid_lft forever preferred_lft forever
2: eth0: <BROADCAST,MULTICAST,UP,LOWER_UP> mtu 1500 qdisc mq state UP group default qlen 1000
    link/ether 7c:ed:8d:9f:03:c8 brd ff:ff:ff:ff:ff:ff
    inet 10.0.0.232/16 metric 100 brd 10.0.255.255 scope global eth0
       valid_lft forever preferred_lft forever
    inet6 fe80::7eed:8dff:fe9f:3c8/64 scope link 
       valid_lft forever preferred_lft forever
3: docker0: <NO-CARRIER,BROADCAST,MULTICAST,UP> mtu 1500 qdisc noqueue state DOWN group default 
    link/ether 02:42:39:18:88:33 brd ff:ff:ff:ff:ff:ff
    inet 172.17.0.1/16 brd 172.17.255.255 scope global docker0
       valid_lft forever preferred_lft forever

